[0.019s] Invoking command in '/home/nisarg/Documents/repo/libchamp-imp/build/quadruped_mujoco': /usr/bin/cmake /home/nisarg/Documents/repo/libchamp-imp/quadruped_mujoco -DCMAKE_INSTALL_PREFIX=/home/nisarg/Documents/repo/libchamp-imp/install/quadruped_mujoco
[0.029s] -- Found ament_cmake: 1.3.11 (/opt/ros/humble/share/ament_cmake/cmake)
[0.105s] -- Found rclcpp: 16.0.11 (/opt/ros/humble/share/rclcpp/cmake)
[0.121s] -- Found rosidl_generator_c: 3.1.6 (/opt/ros/humble/share/rosidl_generator_c/cmake)
[0.122s] -- Found rosidl_adapter: 3.1.6 (/opt/ros/humble/share/rosidl_adapter/cmake)
[0.125s] -- Found rosidl_generator_cpp: 3.1.6 (/opt/ros/humble/share/rosidl_generator_cpp/cmake)
[0.130s] -- Using all available rosidl_typesupport_c: rosidl_typesupport_fastrtps_c;rosidl_typesupport_introspection_c
[0.137s] -- Using all available rosidl_typesupport_cpp: rosidl_typesupport_fastrtps_cpp;rosidl_typesupport_introspection_cpp
[0.154s] -- Found rmw_implementation_cmake: 6.1.2 (/opt/ros/humble/share/rmw_implementation_cmake/cmake)
[0.155s] -- Found rmw_fastrtps_cpp: 6.2.7 (/opt/ros/humble/share/rmw_fastrtps_cpp/cmake)
[0.216s] -- Using RMW implementation 'rmw_fastrtps_cpp' as default
[0.241s] -- Found geometry_msgs: 4.2.4 (/opt/ros/humble/share/geometry_msgs/cmake)
[0.248s] -- Found sensor_msgs: 4.2.4 (/opt/ros/humble/share/sensor_msgs/cmake)
[0.257s] -- Found tf2: 0.25.12 (/opt/ros/humble/share/tf2/cmake)
[0.259s] -- Found tf2_ros: 0.25.12 (/opt/ros/humble/share/tf2_ros/cmake)
[0.300s] -- Found rosidl_default_generators: 1.2.0 (/opt/ros/humble/share/rosidl_default_generators/cmake)
[0.426s] Error parsing '/home/nisarg/Documents/repo/libchamp-imp/quadruped_mujoco/package.xml':
[0.454s] Traceback (most recent call last):
[0.455s]   File "/usr/lib/python3/dist-packages/catkin_pkg/package.py", line 610, in parse_package_string
[0.455s]     root = dom.parseString(data)
[0.455s]   File "/usr/lib/python3.10/xml/dom/minidom.py", line 2000, in parseString
[0.455s]     return expatbuilder.parseString(string)
[0.455s]   File "/usr/lib/python3.10/xml/dom/expatbuilder.py", line 925, in parseString
[0.456s]     return builder.parseString(string)
[0.456s]   File "/usr/lib/python3.10/xml/dom/expatbuilder.py", line 223, in parseString
[0.456s]     parser.Parse(string, True)
[0.456s] xml.parsers.expat.ExpatError: not well-formed (invalid token): line 1, column 0
[0.456s] 
[0.456s] During handling of the above exception, another exception occurred:
[0.456s] 
[0.456s] Traceback (most recent call last):
[0.456s]   File "/opt/ros/humble/share/ament_cmake_core/cmake/core/package_xml_2_cmake.py", line 150, in <module>
[0.456s]     main()
[0.456s]   File "/opt/ros/humble/share/ament_cmake_core/cmake/core/package_xml_2_cmake.py", line 53, in main
[0.456s]     raise e
[0.457s]   File "/opt/ros/humble/share/ament_cmake_core/cmake/core/package_xml_2_cmake.py", line 49, in main
[0.457s]     package = parse_package_string(
[0.457s]   File "/usr/lib/python3/dist-packages/catkin_pkg/package.py", line 612, in parse_package_string
[0.457s]     raise InvalidPackage('The manifest contains invalid XML:\n%s' % ex, filename)
[0.457s] catkin_pkg.package.InvalidPackage: Error(s) in package '/home/nisarg/Documents/repo/libchamp-imp/quadruped_mujoco/package.xml':
[0.457s] The manifest contains invalid XML:
[0.457s] not well-formed (invalid token): line 1, column 0
[0.464s] [31mCMake Error at /opt/ros/humble/share/ament_cmake_core/cmake/core/ament_package_xml.cmake:95 (message):
[0.464s]   execute_process(/usr/bin/python3
[0.464s]   /opt/ros/humble/share/ament_cmake_core/cmake/core/package_xml_2_cmake.py
[0.464s]   /home/nisarg/Documents/repo/libchamp-imp/quadruped_mujoco/package.xml
[0.464s]   /home/nisarg/Documents/repo/libchamp-imp/build/quadruped_mujoco/ament_cmake_core/package.cmake)
[0.464s]   returned error code 1
[0.464s] Call Stack (most recent call first):
[0.464s]   /opt/ros/humble/share/ament_cmake_core/cmake/core/ament_package_xml.cmake:49 (_ament_package_xml)
[0.464s]   /opt/ros/humble/share/rosidl_cmake/cmake/rosidl_generate_interfaces.cmake:226 (ament_package_xml)
[0.464s]   CMakeLists.txt:27 (rosidl_generate_interfaces)
[0.465s] 
[0.465s] [0m
[0.465s] -- Configuring incomplete, errors occurred!
[0.465s] See also "/home/nisarg/Documents/repo/libchamp-imp/build/quadruped_mujoco/CMakeFiles/CMakeOutput.log".
